// Jest Snapshot v1, https://goo.gl/fbAQLP

exports[`Document should render AMP version correctly 1`] = `
<ServiceContextProvider
  service="news"
>
  <ServiceContextConsumer>
    [Function]
  </ServiceContextConsumer>
</ServiceContextProvider>
`;

exports[`Document should render correctly 1`] = `
<ServiceContextProvider
  service="news"
>
  <ServiceContextConsumer>
    [Function]
  </ServiceContextConsumer>
</ServiceContextProvider>
`;
